probing program /home/generel/Documents/code/typescript/mineflayer/pathfinder/examples/example.js
kill -SIGUSR1 9565 for logging
